// Jest Snapshot v1, https://goo.gl/fbAQLP

exports[`SkeletonLoading component should render 1`] = `
<div
  className="skeleton-loading"
/>
`;
