// Jest Snapshot v1, https://goo.gl/fbAQLP

exports[`SkeletonCardLoading component should render 1`] = `
<Card
  className="skeleton-card-loading"
>
  <SkeletonLoading
    style={
      Object {
        "height": "100%",
        "width": "100%",
      }
    }
  />
</Card>
`;
