// Jest Snapshot v1, https://goo.gl/fbAQLP

exports[`PokemonCard component should render 1`] = `
<Link
  to="/Pikachu"
>
  <button>
    <Card
      className="pokemon-card"
    >
      Pikachu
      <img
        alt="Pikachu"
        src="image"
      />
    </Card>
  </button>
</Link>
`;
