// Jest Snapshot v1, https://goo.gl/fbAQLP

exports[`Card component should render 1`] = `
<div
  className="card "
>
  Card test
</div>
`;
